// Vitest Snapshot v1, https://vitest.dev/guide/snapshot.html

exports[`StatsPage > visual regression > matches dark theme snapshot 1`] = `
<div>
  <main
    class="space-y-6 text-neutral-900 dark:text-neutral-100"
  >
    <header>
      <h1
        class="text-2xl font-semibold"
      >
        Task Statistics
      </h1>
    </header>
    <section
      class="flex items-end gap-2"
    >
      <label
        class="flex flex-col text-sm"
      >
        <span>
          Start
        </span>
        <input
          class="h-9 w-full rounded-md border border-black/10 bg-transparent px-3 text-sm placeholder:text-muted-foreground focus-visible:outline-none focus-visible:ring-2 focus-visible:ring-indigo-500 focus-visible:ring-offset-2 dark:border-white/10"
          type="date"
          value="2025-08-26"
        />
      </label>
      <label
        class="flex flex-col text-sm"
      >
        <span>
          End
        </span>
        <input
          class="h-9 w-full rounded-md border border-black/10 bg-transparent px-3 text-sm placeholder:text-muted-foreground focus-visible:outline-none focus-visible:ring-2 focus-visible:ring-indigo-500 focus-visible:ring-offset-2 dark:border-white/10"
          type="date"
          value="2025-09-02"
        />
      </label>
    </section>
    <section
      class="space-y-2"
    >
      <p>
        Total Tasks: 
        2
      </p>
      <p>
        Completion Rate: 
        50
        %
      </p>
    </section>
    <section
      class="space-y-2"
    >
      <h2
        class="text-xl font-medium"
      >
        By Status
      </h2>
      <ul>
        <li>
          TODO
          : 
          1
        </li>
        <li>
          DONE
          : 
          1
        </li>
      </ul>
      <div
        data="[object Object],[object Object]"
        height="200"
        width="400"
      />
    </section>
    <section
      class="space-y-2"
    >
      <h2
        class="text-xl font-medium"
      >
        By Subject
      </h2>
      <ul>
        <li>
          Math
          : 
          1
        </li>
        <li>
          Science
          : 
          1
        </li>
      </ul>
      <div
        height="200"
        width="400"
      />
    </section>
    <section
      class="space-y-2"
    >
      <h2
        class="text-xl font-medium"
      >
        Focus Time by Task
      </h2>
      <ul>
        <li>
          Task 1
          : 
          1
          m
        </li>
        <li>
          Task 2
          : 
          2
          m
        </li>
      </ul>
      <div
        data="[object Object],[object Object]"
        height="200"
        width="400"
      />
    </section>
  </main>
</div>
`;

exports[`StatsPage > visual regression > matches light theme snapshot 1`] = `
<div>
  <main
    class="space-y-6 text-neutral-900 dark:text-neutral-100"
  >
    <header>
      <h1
        class="text-2xl font-semibold"
      >
        Task Statistics
      </h1>
    </header>
    <section
      class="flex items-end gap-2"
    >
      <label
        class="flex flex-col text-sm"
      >
        <span>
          Start
        </span>
        <input
          class="h-9 w-full rounded-md border border-black/10 bg-transparent px-3 text-sm placeholder:text-muted-foreground focus-visible:outline-none focus-visible:ring-2 focus-visible:ring-indigo-500 focus-visible:ring-offset-2 dark:border-white/10"
          type="date"
          value="2025-08-26"
        />
      </label>
      <label
        class="flex flex-col text-sm"
      >
        <span>
          End
        </span>
        <input
          class="h-9 w-full rounded-md border border-black/10 bg-transparent px-3 text-sm placeholder:text-muted-foreground focus-visible:outline-none focus-visible:ring-2 focus-visible:ring-indigo-500 focus-visible:ring-offset-2 dark:border-white/10"
          type="date"
          value="2025-09-02"
        />
      </label>
    </section>
    <section
      class="space-y-2"
    >
      <p>
        Total Tasks: 
        2
      </p>
      <p>
        Completion Rate: 
        50
        %
      </p>
    </section>
    <section
      class="space-y-2"
    >
      <h2
        class="text-xl font-medium"
      >
        By Status
      </h2>
      <ul>
        <li>
          TODO
          : 
          1
        </li>
        <li>
          DONE
          : 
          1
        </li>
      </ul>
      <div
        data="[object Object],[object Object]"
        height="200"
        width="400"
      />
    </section>
    <section
      class="space-y-2"
    >
      <h2
        class="text-xl font-medium"
      >
        By Subject
      </h2>
      <ul>
        <li>
          Math
          : 
          1
        </li>
        <li>
          Science
          : 
          1
        </li>
      </ul>
      <div
        height="200"
        width="400"
      />
    </section>
    <section
      class="space-y-2"
    >
      <h2
        class="text-xl font-medium"
      >
        Focus Time by Task
      </h2>
      <ul>
        <li>
          Task 1
          : 
          1
          m
        </li>
        <li>
          Task 2
          : 
          2
          m
        </li>
      </ul>
      <div
        data="[object Object],[object Object]"
        height="200"
        width="400"
      />
    </section>
  </main>
</div>
`;
