// Vitest Snapshot v1, https://vitest.dev/guide/snapshot.html

exports[`StatsPage > visual regression > matches dark theme snapshot 1`] = `
<div>
  <main
    class="space-y-6 text-neutral-900 dark:text-neutral-100"
  >
    <header
      class="flex flex-col gap-4 sm:flex-row sm:items-center sm:justify-between"
    >
      <h1
        class="text-2xl font-semibold"
      >
        Task Statistics
      </h1>
      <div
        class="flex items-center gap-3"
      >
        <div
          aria-label="Task filter"
          class="flex w-full flex-wrap items-center justify-center gap-2 md:justify-start"
          role="tablist"
        >
          <button
            aria-selected="true"
            class="bg-transparent px-3 py-1 text-sm border-b-2 transition border-black dark:border-white"
            role="tab"
            type="button"
          >
            All
          </button>
          <button
            aria-selected="false"
            class="bg-transparent px-3 py-1 text-sm border-b-2 transition border-transparent"
            role="tab"
            type="button"
          >
            Overdue
          </button>
          <button
            aria-selected="false"
            class="bg-transparent px-3 py-1 text-sm border-b-2 transition border-transparent"
            role="tab"
            type="button"
          >
            Today
          </button>
          <button
            aria-selected="false"
            class="bg-transparent px-3 py-1 text-sm border-b-2 transition border-transparent"
            role="tab"
            type="button"
          >
            Archive
          </button>
          <div
            class="relative w-full sm:ml-2 sm:w-auto"
          >
            <svg
              class="lucide lucide-tag pointer-events-none absolute left-2 top-1/2 h-4 w-4 -translate-y-1/2 text-slate-500"
              fill="none"
              height="24"
              stroke="currentColor"
              stroke-linecap="round"
              stroke-linejoin="round"
              stroke-width="2"
              viewBox="0 0 24 24"
              width="24"
              xmlns="http://www.w3.org/2000/svg"
            >
              <path
                d="M12.586 2.586A2 2 0 0 0 11.172 2H4a2 2 0 0 0-2 2v7.172a2 2 0 0 0 .586 1.414l8.704 8.704a2.426 2.426 0 0 0 3.42 0l6.58-6.58a2.426 2.426 0 0 0 0-3.42z"
              />
              <circle
                cx="7.5"
                cy="7.5"
                fill="currentColor"
                r=".5"
              />
            </svg>
            <select
              aria-label="Subject filter"
              class="w-full appearance-none rounded-full border border-slate-200 bg-slate-100 py-1.5 pl-8 pr-8 text-sm text-slate-800 shadow-sm transition hover:bg-slate-50 focus-visible:outline-none focus-visible:ring-2 focus-visible:ring-indigo-500 focus-visible:ring-offset-2 dark:border-slate-700 dark:bg-slate-800/60 dark:text-slate-200 dark:hover:bg-slate-800 sm:w-auto"
              title="Filter by subject"
            >
              <option
                value=""
              >
                All subjects
              </option>
              <option
                value="Math"
              >
                Math
              </option>
              <option
                value="Science"
              >
                Science
              </option>
            </select>
            <svg
              class="lucide lucide-chevron-down pointer-events-none absolute right-2 top-1/2 h-4 w-4 -translate-y-1/2 text-slate-500"
              fill="none"
              height="24"
              stroke="currentColor"
              stroke-linecap="round"
              stroke-linejoin="round"
              stroke-width="2"
              viewBox="0 0 24 24"
              width="24"
              xmlns="http://www.w3.org/2000/svg"
            >
              <path
                d="m6 9 6 6 6-6"
              />
            </svg>
          </div>
        </div>
        <button
          class="inline-flex items-center justify-center rounded px-4 py-2 text-sm font-medium focus:outline-none disabled:opacity-50 disabled:cursor-not-allowed transition-colors bg-black text-white dark:bg-white dark:text-black"
        >
          Export CSV
        </button>
      </div>
    </header>
    <section
      class="flex items-end gap-2"
    >
      <label
        class="flex flex-col text-sm"
      >
        <span>
          Start
        </span>
        <input
          class="h-9 w-full rounded-md border border-black/10 bg-transparent px-3 text-sm placeholder:text-muted-foreground focus-visible:outline-none focus-visible:ring-2 focus-visible:ring-indigo-500 focus-visible:ring-offset-2 dark:border-white/10"
          type="date"
          value="2025-10-11"
        />
      </label>
      <label
        class="flex flex-col text-sm"
      >
        <span>
          End
        </span>
        <input
          class="h-9 w-full rounded-md border border-black/10 bg-transparent px-3 text-sm placeholder:text-muted-foreground focus-visible:outline-none focus-visible:ring-2 focus-visible:ring-indigo-500 focus-visible:ring-offset-2 dark:border-white/10"
          type="date"
          value="2025-10-18"
        />
      </label>
    </section>
    <section
      class="grid grid-cols-1 gap-4 sm:grid-cols-3"
    >
      <div
        class="flex items-center gap-3 rounded-md bg-white p-4 shadow dark:bg-neutral-800"
      >
        <svg
          class="lucide lucide-list h-6 w-6 text-indigo-600 dark:text-indigo-400"
          fill="none"
          height="24"
          stroke="currentColor"
          stroke-linecap="round"
          stroke-linejoin="round"
          stroke-width="2"
          viewBox="0 0 24 24"
          width="24"
          xmlns="http://www.w3.org/2000/svg"
        >
          <line
            x1="8"
            x2="21"
            y1="6"
            y2="6"
          />
          <line
            x1="8"
            x2="21"
            y1="12"
            y2="12"
          />
          <line
            x1="8"
            x2="21"
            y1="18"
            y2="18"
          />
          <line
            x1="3"
            x2="3.01"
            y1="6"
            y2="6"
          />
          <line
            x1="3"
            x2="3.01"
            y1="12"
            y2="12"
          />
          <line
            x1="3"
            x2="3.01"
            y1="18"
            y2="18"
          />
        </svg>
        <div
          class="flex flex-col"
        >
          <span
            class="text-sm text-neutral-600 dark:text-neutral-400"
          >
            Total Tasks
          </span>
          <span
            class="text-xl font-semibold text-neutral-900 dark:text-neutral-100"
          >
            2
          </span>
        </div>
      </div>
      <div
        class="flex items-center gap-3 rounded-md bg-white p-4 shadow dark:bg-neutral-800"
      >
        <svg
          class="lucide lucide-circle-check-big h-6 w-6 text-green-600 dark:text-green-400"
          fill="none"
          height="24"
          stroke="currentColor"
          stroke-linecap="round"
          stroke-linejoin="round"
          stroke-width="2"
          viewBox="0 0 24 24"
          width="24"
          xmlns="http://www.w3.org/2000/svg"
        >
          <path
            d="M21.801 10A10 10 0 1 1 17 3.335"
          />
          <path
            d="m9 11 3 3L22 4"
          />
        </svg>
        <div
          class="flex flex-col"
        >
          <span
            class="text-sm text-neutral-600 dark:text-neutral-400"
          >
            Completion Rate
          </span>
          <span
            class="text-xl font-semibold text-neutral-900 dark:text-neutral-100"
          >
            50%
          </span>
        </div>
      </div>
      <div
        class="flex items-center gap-3 rounded-md bg-white p-4 shadow dark:bg-neutral-800"
      >
        <svg
          class="lucide lucide-list h-6 w-6 text-indigo-600 dark:text-indigo-400"
          fill="none"
          height="24"
          stroke="currentColor"
          stroke-linecap="round"
          stroke-linejoin="round"
          stroke-width="2"
          viewBox="0 0 24 24"
          width="24"
          xmlns="http://www.w3.org/2000/svg"
        >
          <line
            x1="8"
            x2="21"
            y1="6"
            y2="6"
          />
          <line
            x1="8"
            x2="21"
            y1="12"
            y2="12"
          />
          <line
            x1="8"
            x2="21"
            y1="18"
            y2="18"
          />
          <line
            x1="3"
            x2="3.01"
            y1="6"
            y2="6"
          />
          <line
            x1="3"
            x2="3.01"
            y1="12"
            y2="12"
          />
          <line
            x1="3"
            x2="3.01"
            y1="18"
            y2="18"
          />
        </svg>
        <div
          class="flex flex-col"
        >
          <span
            class="text-sm text-neutral-600 dark:text-neutral-400"
          >
            Avg Focus (m)
          </span>
          <span
            class="text-xl font-semibold text-neutral-900 dark:text-neutral-100"
          >
            2
          </span>
        </div>
      </div>
    </section>
    <div
      class="grid gap-6 md:grid-cols-2"
    >
      <section>
        <div
          class="space-y-2 rounded-lg border p-4 shadow-sm bg-white dark:bg-neutral-900"
        >
          <h2
            class="text-xl font-medium"
          >
            By Status
          </h2>
          <ul>
            <li>
              TODO
              : 
              1
            </li>
            <li>
              DONE
              : 
              1
            </li>
          </ul>
          <div
            height="200"
            width="100%"
          >
            <div
              data="[object Object],[object Object]"
            />
          </div>
        </div>
      </section>
      <section>
        <div
          class="space-y-2 rounded-lg border p-4 shadow-sm bg-white dark:bg-neutral-900"
        >
          <h2
            class="text-xl font-medium"
          >
            Focus Time by Subject
          </h2>
          <ul>
            <li>
              Math
              : 
              1
              m
            </li>
            <li>
              Science
              : 
              2
              m
            </li>
          </ul>
          <div
            height="200"
            width="100%"
          >
            <div
              data="[object Object],[object Object]"
            />
          </div>
        </div>
      </section>
      <section>
        <div
          class="space-y-2 rounded-lg border p-4 shadow-sm bg-white dark:bg-neutral-900"
        >
          <h2
            class="text-xl font-medium"
          >
            By Subject
          </h2>
          <ul>
            <li>
              Math
              : 
              1
            </li>
            <li>
              Science
              : 
              1
            </li>
          </ul>
          <div
            height="200"
            width="100%"
          >
            <div />
          </div>
        </div>
      </section>
      <section>
        <div
          class="space-y-3 rounded-lg border p-4 shadow-sm bg-white dark:bg-neutral-900"
        >
          <div
            class="space-y-1"
          >
            <h2
              class="text-xl font-medium"
            >
              Planned vs Actual by Task
            </h2>
            <p
              class="text-sm text-neutral-600 dark:text-neutral-400"
            >
              Compare estimated effort to recorded focus time to spot over- or under-spent work.
            </p>
          </div>
          <div
            class="grid gap-2 text-sm sm:grid-cols-3"
          >
            <div
              class="rounded-md bg-neutral-100 p-3 dark:bg-neutral-800"
            >
              <p
                class="text-neutral-500 dark:text-neutral-400"
              >
                Total planned
              </p>
              <p
                class="text-lg font-semibold text-neutral-900 dark:text-neutral-100"
              >
                90
                m
              </p>
            </div>
            <div
              class="rounded-md bg-neutral-100 p-3 dark:bg-neutral-800"
            >
              <p
                class="text-neutral-500 dark:text-neutral-400"
              >
                Total actual
              </p>
              <p
                class="text-lg font-semibold text-neutral-900 dark:text-neutral-100"
              >
                3
                m
              </p>
            </div>
            <div
              class="rounded-md bg-neutral-100 p-3 dark:bg-neutral-800"
            >
              <p
                class="text-neutral-500 dark:text-neutral-400"
              >
                Net delta
              </p>
              <p
                class="text-lg font-semibold text-neutral-900 dark:text-neutral-100"
              >
                -87
                m
              </p>
              <p
                class="mt-1 text-xs text-neutral-500 dark:text-neutral-400"
              >
                Over plan: 
                0
                 • Under plan: 
                2
              </p>
            </div>
          </div>
          <ul
            class="space-y-1 text-sm"
          >
            <li>
              Task 1
              : planned 
              30
              m • actual 
              1
              m • 
               
              -29
              m
            </li>
            <li>
              Task 2
              : planned 
              60
              m • actual 
              2
              m • 
               
              -58
              m
            </li>
          </ul>
          <div
            height="240"
            width="100%"
          >
            <div
              data="[object Object],[object Object]"
            />
          </div>
        </div>
      </section>
    </div>
  </main>
</div>
`;

exports[`StatsPage > visual regression > matches light theme snapshot 1`] = `
<div>
  <main
    class="space-y-6 text-neutral-900 dark:text-neutral-100"
  >
    <header
      class="flex flex-col gap-4 sm:flex-row sm:items-center sm:justify-between"
    >
      <h1
        class="text-2xl font-semibold"
      >
        Task Statistics
      </h1>
      <div
        class="flex items-center gap-3"
      >
        <div
          aria-label="Task filter"
          class="flex w-full flex-wrap items-center justify-center gap-2 md:justify-start"
          role="tablist"
        >
          <button
            aria-selected="true"
            class="bg-transparent px-3 py-1 text-sm border-b-2 transition border-black dark:border-white"
            role="tab"
            type="button"
          >
            All
          </button>
          <button
            aria-selected="false"
            class="bg-transparent px-3 py-1 text-sm border-b-2 transition border-transparent"
            role="tab"
            type="button"
          >
            Overdue
          </button>
          <button
            aria-selected="false"
            class="bg-transparent px-3 py-1 text-sm border-b-2 transition border-transparent"
            role="tab"
            type="button"
          >
            Today
          </button>
          <button
            aria-selected="false"
            class="bg-transparent px-3 py-1 text-sm border-b-2 transition border-transparent"
            role="tab"
            type="button"
          >
            Archive
          </button>
          <div
            class="relative w-full sm:ml-2 sm:w-auto"
          >
            <svg
              class="lucide lucide-tag pointer-events-none absolute left-2 top-1/2 h-4 w-4 -translate-y-1/2 text-slate-500"
              fill="none"
              height="24"
              stroke="currentColor"
              stroke-linecap="round"
              stroke-linejoin="round"
              stroke-width="2"
              viewBox="0 0 24 24"
              width="24"
              xmlns="http://www.w3.org/2000/svg"
            >
              <path
                d="M12.586 2.586A2 2 0 0 0 11.172 2H4a2 2 0 0 0-2 2v7.172a2 2 0 0 0 .586 1.414l8.704 8.704a2.426 2.426 0 0 0 3.42 0l6.58-6.58a2.426 2.426 0 0 0 0-3.42z"
              />
              <circle
                cx="7.5"
                cy="7.5"
                fill="currentColor"
                r=".5"
              />
            </svg>
            <select
              aria-label="Subject filter"
              class="w-full appearance-none rounded-full border border-slate-200 bg-slate-100 py-1.5 pl-8 pr-8 text-sm text-slate-800 shadow-sm transition hover:bg-slate-50 focus-visible:outline-none focus-visible:ring-2 focus-visible:ring-indigo-500 focus-visible:ring-offset-2 dark:border-slate-700 dark:bg-slate-800/60 dark:text-slate-200 dark:hover:bg-slate-800 sm:w-auto"
              title="Filter by subject"
            >
              <option
                value=""
              >
                All subjects
              </option>
              <option
                value="Math"
              >
                Math
              </option>
              <option
                value="Science"
              >
                Science
              </option>
            </select>
            <svg
              class="lucide lucide-chevron-down pointer-events-none absolute right-2 top-1/2 h-4 w-4 -translate-y-1/2 text-slate-500"
              fill="none"
              height="24"
              stroke="currentColor"
              stroke-linecap="round"
              stroke-linejoin="round"
              stroke-width="2"
              viewBox="0 0 24 24"
              width="24"
              xmlns="http://www.w3.org/2000/svg"
            >
              <path
                d="m6 9 6 6 6-6"
              />
            </svg>
          </div>
        </div>
        <button
          class="inline-flex items-center justify-center rounded px-4 py-2 text-sm font-medium focus:outline-none disabled:opacity-50 disabled:cursor-not-allowed transition-colors bg-black text-white dark:bg-white dark:text-black"
        >
          Export CSV
        </button>
      </div>
    </header>
    <section
      class="flex items-end gap-2"
    >
      <label
        class="flex flex-col text-sm"
      >
        <span>
          Start
        </span>
        <input
          class="h-9 w-full rounded-md border border-black/10 bg-transparent px-3 text-sm placeholder:text-muted-foreground focus-visible:outline-none focus-visible:ring-2 focus-visible:ring-indigo-500 focus-visible:ring-offset-2 dark:border-white/10"
          type="date"
          value="2025-10-11"
        />
      </label>
      <label
        class="flex flex-col text-sm"
      >
        <span>
          End
        </span>
        <input
          class="h-9 w-full rounded-md border border-black/10 bg-transparent px-3 text-sm placeholder:text-muted-foreground focus-visible:outline-none focus-visible:ring-2 focus-visible:ring-indigo-500 focus-visible:ring-offset-2 dark:border-white/10"
          type="date"
          value="2025-10-18"
        />
      </label>
    </section>
    <section
      class="grid grid-cols-1 gap-4 sm:grid-cols-3"
    >
      <div
        class="flex items-center gap-3 rounded-md bg-white p-4 shadow dark:bg-neutral-800"
      >
        <svg
          class="lucide lucide-list h-6 w-6 text-indigo-600 dark:text-indigo-400"
          fill="none"
          height="24"
          stroke="currentColor"
          stroke-linecap="round"
          stroke-linejoin="round"
          stroke-width="2"
          viewBox="0 0 24 24"
          width="24"
          xmlns="http://www.w3.org/2000/svg"
        >
          <line
            x1="8"
            x2="21"
            y1="6"
            y2="6"
          />
          <line
            x1="8"
            x2="21"
            y1="12"
            y2="12"
          />
          <line
            x1="8"
            x2="21"
            y1="18"
            y2="18"
          />
          <line
            x1="3"
            x2="3.01"
            y1="6"
            y2="6"
          />
          <line
            x1="3"
            x2="3.01"
            y1="12"
            y2="12"
          />
          <line
            x1="3"
            x2="3.01"
            y1="18"
            y2="18"
          />
        </svg>
        <div
          class="flex flex-col"
        >
          <span
            class="text-sm text-neutral-600 dark:text-neutral-400"
          >
            Total Tasks
          </span>
          <span
            class="text-xl font-semibold text-neutral-900 dark:text-neutral-100"
          >
            2
          </span>
        </div>
      </div>
      <div
        class="flex items-center gap-3 rounded-md bg-white p-4 shadow dark:bg-neutral-800"
      >
        <svg
          class="lucide lucide-circle-check-big h-6 w-6 text-green-600 dark:text-green-400"
          fill="none"
          height="24"
          stroke="currentColor"
          stroke-linecap="round"
          stroke-linejoin="round"
          stroke-width="2"
          viewBox="0 0 24 24"
          width="24"
          xmlns="http://www.w3.org/2000/svg"
        >
          <path
            d="M21.801 10A10 10 0 1 1 17 3.335"
          />
          <path
            d="m9 11 3 3L22 4"
          />
        </svg>
        <div
          class="flex flex-col"
        >
          <span
            class="text-sm text-neutral-600 dark:text-neutral-400"
          >
            Completion Rate
          </span>
          <span
            class="text-xl font-semibold text-neutral-900 dark:text-neutral-100"
          >
            50%
          </span>
        </div>
      </div>
      <div
        class="flex items-center gap-3 rounded-md bg-white p-4 shadow dark:bg-neutral-800"
      >
        <svg
          class="lucide lucide-list h-6 w-6 text-indigo-600 dark:text-indigo-400"
          fill="none"
          height="24"
          stroke="currentColor"
          stroke-linecap="round"
          stroke-linejoin="round"
          stroke-width="2"
          viewBox="0 0 24 24"
          width="24"
          xmlns="http://www.w3.org/2000/svg"
        >
          <line
            x1="8"
            x2="21"
            y1="6"
            y2="6"
          />
          <line
            x1="8"
            x2="21"
            y1="12"
            y2="12"
          />
          <line
            x1="8"
            x2="21"
            y1="18"
            y2="18"
          />
          <line
            x1="3"
            x2="3.01"
            y1="6"
            y2="6"
          />
          <line
            x1="3"
            x2="3.01"
            y1="12"
            y2="12"
          />
          <line
            x1="3"
            x2="3.01"
            y1="18"
            y2="18"
          />
        </svg>
        <div
          class="flex flex-col"
        >
          <span
            class="text-sm text-neutral-600 dark:text-neutral-400"
          >
            Avg Focus (m)
          </span>
          <span
            class="text-xl font-semibold text-neutral-900 dark:text-neutral-100"
          >
            2
          </span>
        </div>
      </div>
    </section>
    <div
      class="grid gap-6 md:grid-cols-2"
    >
      <section>
        <div
          class="space-y-2 rounded-lg border p-4 shadow-sm bg-white dark:bg-neutral-900"
        >
          <h2
            class="text-xl font-medium"
          >
            By Status
          </h2>
          <ul>
            <li>
              TODO
              : 
              1
            </li>
            <li>
              DONE
              : 
              1
            </li>
          </ul>
          <div
            height="200"
            width="100%"
          >
            <div
              data="[object Object],[object Object]"
            />
          </div>
        </div>
      </section>
      <section>
        <div
          class="space-y-2 rounded-lg border p-4 shadow-sm bg-white dark:bg-neutral-900"
        >
          <h2
            class="text-xl font-medium"
          >
            Focus Time by Subject
          </h2>
          <ul>
            <li>
              Math
              : 
              1
              m
            </li>
            <li>
              Science
              : 
              2
              m
            </li>
          </ul>
          <div
            height="200"
            width="100%"
          >
            <div
              data="[object Object],[object Object]"
            />
          </div>
        </div>
      </section>
      <section>
        <div
          class="space-y-2 rounded-lg border p-4 shadow-sm bg-white dark:bg-neutral-900"
        >
          <h2
            class="text-xl font-medium"
          >
            By Subject
          </h2>
          <ul>
            <li>
              Math
              : 
              1
            </li>
            <li>
              Science
              : 
              1
            </li>
          </ul>
          <div
            height="200"
            width="100%"
          >
            <div />
          </div>
        </div>
      </section>
      <section>
        <div
          class="space-y-3 rounded-lg border p-4 shadow-sm bg-white dark:bg-neutral-900"
        >
          <div
            class="space-y-1"
          >
            <h2
              class="text-xl font-medium"
            >
              Planned vs Actual by Task
            </h2>
            <p
              class="text-sm text-neutral-600 dark:text-neutral-400"
            >
              Compare estimated effort to recorded focus time to spot over- or under-spent work.
            </p>
          </div>
          <div
            class="grid gap-2 text-sm sm:grid-cols-3"
          >
            <div
              class="rounded-md bg-neutral-100 p-3 dark:bg-neutral-800"
            >
              <p
                class="text-neutral-500 dark:text-neutral-400"
              >
                Total planned
              </p>
              <p
                class="text-lg font-semibold text-neutral-900 dark:text-neutral-100"
              >
                90
                m
              </p>
            </div>
            <div
              class="rounded-md bg-neutral-100 p-3 dark:bg-neutral-800"
            >
              <p
                class="text-neutral-500 dark:text-neutral-400"
              >
                Total actual
              </p>
              <p
                class="text-lg font-semibold text-neutral-900 dark:text-neutral-100"
              >
                3
                m
              </p>
            </div>
            <div
              class="rounded-md bg-neutral-100 p-3 dark:bg-neutral-800"
            >
              <p
                class="text-neutral-500 dark:text-neutral-400"
              >
                Net delta
              </p>
              <p
                class="text-lg font-semibold text-neutral-900 dark:text-neutral-100"
              >
                -87
                m
              </p>
              <p
                class="mt-1 text-xs text-neutral-500 dark:text-neutral-400"
              >
                Over plan: 
                0
                 • Under plan: 
                2
              </p>
            </div>
          </div>
          <ul
            class="space-y-1 text-sm"
          >
            <li>
              Task 1
              : planned 
              30
              m • actual 
              1
              m • 
               
              -29
              m
            </li>
            <li>
              Task 2
              : planned 
              60
              m • actual 
              2
              m • 
               
              -58
              m
            </li>
          </ul>
          <div
            height="240"
            width="100%"
          >
            <div
              data="[object Object],[object Object]"
            />
          </div>
        </div>
      </section>
    </div>
  </main>
</div>
`;
